// Jest Snapshot v1, https://goo.gl/fbAQLP

exports[`TopScrollButton.vue renders html correctly 1`] = `"<div class=\\"top-scroll-button\\" style=\\"display: none;\\"></div>"`;
